<html>
<body>
<pre>
<h1>µVision Build Log</h1>
<h2>Project:</h2>
E:\projects\learn\iar\IAR.Examples.For.Hitrendtech.V0.62TestVer\cortex_m0_StdPeriphLibV1.81TestVer\KEIL\HiTrendtech.uvproj
Project File Date:  08/03/2017

<h2>Output:</h2>
Rebuild target 'HT501x'
creating preprocessor file for core_cm0.c...
compiling core_cm0.c...
creating preprocessor file for system_ht6xxx.c...
compiling system_ht6xxx.c...
creating preprocessor file for aes_example.c...
compiling aes_example.c...
creating preprocessor file for ecc_example.c...
compiling ecc_example.c...
creating preprocessor file for example.c...
compiling example.c...
creating preprocessor file for ht6xxx_it.c...
compiling ht6xxx_it.c...
creating preprocessor file for main.c...
compiling main.c...
assembling startup_ht501x.s...
creating preprocessor file for ht6xxx_aes&rand.c...
compiling ht6xxx_aes&rand.c...
creating preprocessor file for ht6xxx_cmu.c...
compiling ht6xxx_cmu.c...
creating preprocessor file for ht6xxx_dma.c...
compiling ht6xxx_dma.c...
creating preprocessor file for ht6xxx_ecc.c...
compiling ht6xxx_ecc.c...
creating preprocessor file for ht6xxx_exti.c...
compiling ht6xxx_exti.c...
creating preprocessor file for ht6xxx_flash.c...
compiling ht6xxx_flash.c...
creating preprocessor file for ht6xxx_gpio.c...
compiling ht6xxx_gpio.c...
creating preprocessor file for ht6xxx_iic.c...
compiling ht6xxx_iic.c...
creating preprocessor file for ht6xxx_lcd.c...
compiling ht6xxx_lcd.c...
creating preprocessor file for ht6xxx_pmu.c...
compiling ht6xxx_pmu.c...
creating preprocessor file for ht6xxx_reset.c...
compiling ht6xxx_reset.c...
creating preprocessor file for ht6xxx_rtc.c...
compiling ht6xxx_rtc.c...
creating preprocessor file for ht6xxx_spi.c...
compiling ht6xxx_spi.c...
creating preprocessor file for ht6xxx_tbs.c...
compiling ht6xxx_tbs.c...
creating preprocessor file for ht6xxx_tdes&rand.c...
compiling ht6xxx_tdes&rand.c...
creating preprocessor file for ht6xxx_timer.c...
compiling ht6xxx_timer.c...
creating preprocessor file for ht6xxx_uart&7816.c...
compiling ht6xxx_uart&7816.c...
creating preprocessor file for ht501x_emu.c...
compiling ht501x_emu.c...
creating preprocessor file for ht501x_keyscan.c...
compiling ht501x_keyscan.c...
linking...
Program Size: Code=11720 RO-data=240 RW-data=44 ZI-data=4484  
FromELF: creating hex file...
".\config\HT501x\Objects\HiTrendtech.axf" - 0 Errors, 0 Warning(s).
